Invalid coordinate
Invalid coordinate
Invalid coordinate
Invalid coordinate
Invalid coordinate
Invalid coordinate
Invalid coordinate
Invalid coordinate
Invalid coordinate
Invalid coordinate
Invalid coordinate
Invalid coordinate
