Wow, a tie!
A1B1A2B2C1D1C2D2E1F1E2F2G1H1G2H2I1J1I2J2K1L1K2L2M1N1M2N2O1P1O2P2Q1R1Q2R2S1A3S2A4B3C3B4C4D3E3D4E4F3G3F4G4H3I3H4I4J3K3J4K4L3M3L4M4N3O3N4O4P3Q3P4Q4R3S3R4S4A5B5A6B6C5D5C6D6E5F5E6F6G5H5G6H6I5J5I6J6K5L5K6L6M5N5M6N6O5P5O6P6Q5R5Q6R6S5A7S6A8B7C7B8C8D7E7D8E8F7G7F8G8H7I7H8I8J7K7J8K8L7M7L8M8N7O7N8O8P7Q7P8Q8R7S7R8S8A9B9A10B10C9D9C10D10E9F9E10F10G9H9G10H10I9J9I10J10K9L9K10L10M9N9M10N10O9P9O10P10Q9R9Q10R10S9A11S10A12B11C11B12C12D11E11D12E12F11G11F12G12H11I11H12I12J11K11J12K12L11M11L12M12N11O11N12O12P11Q11P12Q12R11S11R12S12A13B13A14B14C13D13C14D14E13F13E14F14G13H13G14H14I13J13I14J14K13L13K14L14M13N13M14N14O13P13O14P14Q13R13Q14R14S13A15S14A16B15C15B16C16D15E15D16E16F15G15F16G16H15I15H16I16J15K15J16K16L15M15L16M16N15O15N16O16P15Q15P16Q16R15S15R16S16A17B17A18B18C17D17C18D18E17F17E18F18G17H17G18H18I17J17I18J18K17L17K18L18M17N17M18N18O17P17O18P18Q17R17Q18R18S17A19S18C19B19E19D19G19F19I19H19K19J19M19L19O19N19Q19P19S19R19
Thank you for playing!
