J10,.................................................
M3,..........................................xxxxxxx
L17,xxxxxxx..........................................
B1,xx.....xx..#..xx.o...xx#....xxxxxxxxxxxxxxxxxxxxx
B12,xx.....xx.....xx.....xx.....xx.....xx.....xx.....
