White wins!
A1A19B1B18B2C17B3D16B4E15
Thank you for playing!
