Black wins!
A1B1B2C2C3D3D4E4E5
Thank you for playing!
